// Jest Snapshot v1, https://goo.gl/fbAQLP

exports[`App test should generate snapshot 1`] = `
<DocumentFragment>
  <section
    class="list"
  >
    <header>
       Render Country List 
    </header>
    <section>
      <h1>
        Original data
      </h1>
    </section>
    <button>
      Click me
    </button>
    <section>
      <h1>
        Duplicate data
      </h1>
    </section>
    <section>
      <h1>
        Another set of countries
      </h1>
    </section>
  </section>
</DocumentFragment>
`;
